10:11:57 **** Incremental Build of configuration Debug for project env_project ****
make -j8 all 
arm-none-eabi-gcc "../Core/Src/main.c" -mcpu=cortex-m4 -std=gnu11 -g3 -DDEBUG -DUSE_HAL_DRIVER -DSTM32F407xx -c -I../Core/Inc -I../Drivers/STM32F4xx_HAL_Driver/Inc -I../Drivers/STM32F4xx_HAL_Driver/Inc/Legacy -I../Drivers/CMSIS/Device/ST/STM32F4xx/Include -I../Drivers/CMSIS/Include -O0 -ffunction-sections -fdata-sections -Wall -fstack-usage -fcyclomatic-complexity -MMD -MP -MF"Core/Src/main.d" -MT"Core/Src/main.o" --specs=nano.specs -mfpu=fpv4-sp-d16 -mfloat-abi=hard -mthumb -o "Core/Src/main.o"
arm-none-eabi-gcc -o "env_project.elf" @"objects.list"   -mcpu=cortex-m4 -T"D:\project_env\env_project\STM32F407VGTX_FLASH.ld" --specs=nosys.specs -Wl,-Map="env_project.map" -Wl,--gc-sections -static --specs=nano.specs -mfpu=fpv4-sp-d16 -mfloat-abi=hard -mthumb -Wl,--start-group -lc -lm -Wl,--end-group
Finished building target: env_project.elf
 
arm-none-eabi-size  env_project.elf 
arm-none-eabi-objdump -h -S env_project.elf  > "env_project.list"
   text	   data	    bss	    dec	    hex	filename
  15900	     92	   2068	  18060	   468c	env_project.elf
Finished building: default.size.stdout
 
Finished building: env_project.list
 
10:13:07 **** Incremental Build of configuration Debug for project env_project ****
make -j8 all 
arm-none-eabi-size  env_project.elf 
   text	   data	    bss	    dec	    hex	filename
  15900	     92	   2068	  18060	   468c	env_project.elf
Finished building: default.size.stdout
 
